stateDiagram-v2
    Closed
    Locked
    Open : [*] Open
    Closed --> Locked : LockDoor
    Closed --> Open : OpenDoor
    Locked --> Closed : UnlockDoor
    Open --> Closed : CloseDoor
