stateDiagram-v2
    Closed : [*] Closed
    Locked
    Open
    Closed --> Locked : LockDoor
    Closed --> Open : OpenDoor
    Locked --> Closed : UnlockDoor
    Open --> Closed : CloseDoor
